// Vitest Snapshot v1, https://vitest.dev/guide/snapshot.html

exports[`BoIcon > renders properly 1`] = `
"<div data-v-dfbd0d07="" class="bo-badge default pill filled sm">
  <!--v-if-->
  <!--v-if--><span data-v-dfbd0d07="" class="label">test</span>
  <!--v-if-->
</div>"
`;
