// Vitest Snapshot v1, https://vitest.dev/guide/snapshot.html

exports[`BoIcon > renders properly 1`] = `"<span data-v-0dc9c9ce=\\"\\" class=\\"bo-loading-spinner info md\\"></span>"`;
