// Vitest Snapshot v1, https://vitest.dev/guide/snapshot.html

exports[`bo_icon.vue > should match snapshot 1`] = `
"<!-- eslint-disable vue/no-v-html -->
<div type="image/svg+xml" style="color: rgb(18, 52, 86);" class="bo-icon w-3.5 h-3.5" aria-label="icon"></div>"
`;
